2025-09-21 16:32:52,493 - main -   INFO - Turn 24: Check for new year event.
2025-09-21 16:32:52,603 - main -   INFO - Turn 24: New year event detected.
2025-09-21 16:32:55,289 - main -  DEBUG - Turn 24: Status good today.
2025-09-21 16:32:55,372 - main -   INFO - Turn 24: Energy bar low, rest.
2025-09-21 16:33:03,379 - main -   INFO - Turn 25: No choice event, training UI detected.
2025-09-21 16:33:03,465 - main -  DEBUG - Turn 25: Status good today.
2025-09-21 16:33:03,564 - main -   INFO - Turn 25: Energy bar safe.
2025-09-21 16:33:03,983 - main -   INFO - Turn 25: Mood is GREAT, no need to raise mood.
2025-09-21 16:33:03,983 - main -  DEBUG - Turn 25: Check training options.
2025-09-21 16:33:07,643 - main -   INFO - Turn 25: Training power with support cards ['Silence Suzuka (SSR)', 'Kitasan Black (SSR)', 'Daitaku Helios (SR)', 'Air Groove (SR)'], score: 4.
2025-09-21 16:33:08,609 - main -   INFO - Turn 25: Training wits with support cards ['Fuji Kiseki (SR)'], score: 1.
2025-09-21 16:33:09,052 - main -   INFO - Turn 25: Training speed with support cards ['Yaeno Muteki (SSR)'], score: 1.
2025-09-21 16:33:13,652 - main -   INFO - Turn 25: Training power with score 4.5.
2025-09-21 16:33:18,870 - main -   INFO - Turn 25: No extra training event detected, event name: spp a a a

#LOL #Party! #Round2
2025-09-21 16:33:20,954 - main -   INFO - Turn 26: Find choice event.
2025-09-21 16:33:21,168 - main -   INFO - Turn 26: Event name detected: spp a a a

#LOL #Party! #Round2
2025-09-21 16:33:21,977 - main -   INFO - Turn 26: Can not found event in dictionary, choose default
2025-09-21 16:33:30,080 - main -   INFO - Turn 26: Special event False not found in special events, choose green option.
2025-09-21 16:33:30,160 - main -  DEBUG - Turn 26: Status good today.
2025-09-21 16:33:30,242 - main -   INFO - Turn 26: Energy bar low, rest.
2025-09-21 16:33:37,929 - main -   INFO - Turn 27: Find choice event.
2025-09-21 16:33:38,134 - main -   INFO - Turn 27: Event name detected: spp a a a

Paying It Forward
2025-09-21 16:33:38,743 - main -   INFO - Turn 27: Can not found event in dictionary, choose default
2025-09-21 16:37:50,633 - main -   INFO - Turn 26: No choice event, training UI detected.
2025-09-21 16:37:50,714 - main -  DEBUG - Turn 26: Status good today.
2025-09-21 16:37:50,796 - main -   INFO - Turn 26: Energy bar safe.
2025-09-21 16:37:51,148 - main -   INFO - Turn 26: Mood is GREAT, no need to raise mood.
2025-09-21 16:37:51,149 - main -  DEBUG - Turn 26: Check training options.
2025-09-21 16:37:54,823 - main -   INFO - Turn 26: Training power with support cards ['Silence Suzuka (SSR)', 'Daitaku Helios (SR)', 'Fuji Kiseki (SR)', 'Yaeno Muteki (SSR)'], score: 4.
2025-09-21 16:37:55,809 - main -   INFO - Turn 26: Training wits with support cards ['Kitasan Black (SSR)', 'Air Groove (SR)'], score: 2.
2025-09-21 16:38:00,657 - main -   INFO - Turn 26: Training power with score 4.5.
2025-09-21 16:38:05,863 - main -   INFO - Turn 26: No extra training event detected, event name: La

Take Aim
2025-09-21 16:38:08,027 - main -   INFO - Turn 27: No choice event, training UI detected.
2025-09-21 16:38:08,110 - main -  DEBUG - Turn 27: Status good today.
2025-09-21 16:38:08,194 - main -   INFO - Turn 27: Energy bar safe.
2025-09-21 16:38:08,555 - main -   INFO - Turn 27: Mood is GREAT, no need to raise mood.
2025-09-21 16:38:08,556 - main -  DEBUG - Turn 27: Check training options.
2025-09-21 16:38:11,341 - main -   INFO - Turn 27: Training guts with support cards ['Fuji Kiseki (SR)'], score: 1.
2025-09-21 16:38:12,149 - main -   INFO - Turn 27: Training wits with support cards ['Silence Suzuka (SSR)'], score: 1.
2025-09-21 16:38:14,333 - main -   INFO - Turn 27: Training power with support cards ['Kitasan Black (SSR)', 'Daitaku Helios (SR)', 'Yaeno Muteki (SSR)'], score: 3.
2025-09-21 16:38:18,933 - main -   INFO - Turn 27: Training power with score 3.5.
2025-09-21 16:38:24,123 - main -   INFO - Turn 27: No extra training event detected, event name: 
2025-09-21 16:38:26,292 - main -   INFO - Turn 28: No choice event, training UI detected.
2025-09-21 16:38:26,385 - main -  DEBUG - Turn 28: Status good today.
2025-09-21 16:38:26,466 - main -   INFO - Turn 28: Energy bar safe.
2025-09-21 16:38:26,820 - main -   INFO - Turn 28: Mood is GREAT, no need to raise mood.
2025-09-21 16:38:26,820 - main -  DEBUG - Turn 28: Check training options.
2025-09-21 16:38:29,674 - main -   INFO - Turn 28: Training guts with support cards ['Air Groove (SR)', 'Yaeno Muteki (SSR)'], score: 2.
2025-09-21 16:38:30,994 - main -   INFO - Turn 28: Training speed with support cards ['Fuji Kiseki (SR)'], score: 1.
2025-09-21 16:38:31,560 - main -   INFO - Turn 28: Training stamina with support cards ['Silence Suzuka (SSR)'], score: 1.
2025-09-21 16:38:32,110 - main -   INFO - Turn 28: Training power with support cards ['Kitasan Black (SSR)', 'Daitaku Helios (SR)'], score: 2.
2025-09-21 16:38:36,713 - main -   INFO - Turn 28: Training speed with score 2.5.
2025-09-21 16:38:41,908 - main -   INFO - Turn 28: No extra training event detected, event name: 
