2025-09-21 16:12:15,813 - main -   INFO - Turn 14: No choice event, training UI detected.
2025-09-21 16:12:15,903 - main -  DEBUG - Turn 14: Status good today.
2025-09-21 16:12:15,987 - main -   INFO - Turn 14: Energy bar safe.
2025-09-21 16:12:16,331 - main -   INFO - Turn 14: Mood is GREAT, no need to raise mood.
2025-09-21 16:12:16,331 - main -  DEBUG - Turn 14: Check training options.
2025-09-21 16:12:19,163 - main -   INFO - Turn 14: Training stamina with support cards ['Daitaku Helios (SR)', 'Yaeno Muteki (SSR)'], score: 2.
2025-09-21 16:12:19,898 - main -   INFO - Turn 14: Training power with support cards ['Air Groove (SR)'], score: 1.
2025-09-21 16:12:20,522 - main -   INFO - Turn 14: Training guts with support cards ['Fuji Kiseki (SR)'], score: 1.
2025-09-21 16:12:21,087 - main -   INFO - Turn 14: Training wits with support cards ['Silence Suzuka (SSR)', 'Kitasan Black (SSR)'], score: 2.
2025-09-21 16:12:25,988 - main -   INFO - Turn 14: Training stamina with score 2.6.
2025-09-21 16:12:31,190 - main -   INFO - Turn 14: No extra training event detected, event name: 
2025-09-21 16:12:33,357 - main -   INFO - Turn 15: No choice event, training UI detected.
2025-09-21 16:12:33,456 - main -  DEBUG - Turn 15: Status good today.
2025-09-21 16:12:33,561 - main -   INFO - Turn 15: Energy bar low, rest.
2025-09-21 16:12:41,358 - main -   INFO - Turn 16: No choice event, training UI detected.
2025-09-21 16:12:41,457 - main -  DEBUG - Turn 16: Status good today.
2025-09-21 16:12:41,548 - main -   INFO - Turn 16: Energy bar safe.
2025-09-21 16:12:41,956 - main -   INFO - Turn 16: Mood is GREAT, no need to raise mood.
2025-09-21 16:12:41,957 - main -  DEBUG - Turn 16: Check training options.
2025-09-21 16:12:45,657 - main -   INFO - Turn 16: Training guts with support cards ['Air Groove (SR)'], score: 1.
2025-09-21 16:12:46,503 - main -   INFO - Turn 16: Training wits with support cards ['Yaeno Muteki (SSR)'], score: 1.
2025-09-21 16:12:47,352 - main -   INFO - Turn 16: Training speed with support cards ['Silence Suzuka (SSR)', 'Daitaku Helios (SR)', 'Fuji Kiseki (SR)'], score: 3.
2025-09-21 16:12:47,807 - main -   INFO - Turn 16: Training stamina with support cards ['Kitasan Black (SSR)'], score: 1.
2025-09-21 16:12:52,401 - main -   INFO - Turn 16: Training speed with score 4.5.
2025-09-21 16:12:57,600 - main -   INFO - Turn 16: No extra training event detected, event name: 
2025-09-21 16:12:59,720 - main -   INFO - Turn 17: Find choice event.
2025-09-21 16:12:59,949 - main -   INFO - Turn 17: Event name detected: 
2025-09-21 16:13:00,763 - main -   INFO - Turn 17: Can not found event in dictionary, choose default
2025-09-21 16:13:08,866 - main -   INFO - Turn 17: Special event False not found in special events, choose green option.
2025-09-21 16:13:08,973 - main -  DEBUG - Turn 17: Status good today.
2025-09-21 16:13:09,075 - main -   INFO - Turn 17: Energy bar safe.
2025-09-21 16:13:09,481 - main -   INFO - Turn 17: Mood is GREAT, no need to raise mood.
2025-09-21 16:13:09,482 - main -  DEBUG - Turn 17: Check training options.
2025-09-21 16:13:12,339 - main -   INFO - Turn 17: Training stamina with support cards ['Kitasan Black (SSR)'], score: 1.
2025-09-21 16:13:13,230 - main -   INFO - Turn 17: Training power with support cards ['Silence Suzuka (SSR)', 'Daitaku Helios (SR)'], score: 2.
2025-09-21 16:13:14,492 - main -   INFO - Turn 17: Training wits with support cards ['Fuji Kiseki (SR)'], score: 1.
2025-09-21 16:13:15,065 - main -   INFO - Turn 17: Training speed with support cards ['Air Groove (SR)', 'Yaeno Muteki (SSR)'], score: 2.
2025-09-21 16:13:19,677 - main -   INFO - Turn 17: Training speed with score 3.5.
2025-09-21 16:13:24,892 - main -   INFO - Turn 17: No extra training event detected, event name: 
2025-09-21 16:13:27,065 - main -   INFO - Turn 18: No choice event, training UI detected.
2025-09-21 16:13:27,164 - main -  DEBUG - Turn 18: Status good today.
2025-09-21 16:13:27,271 - main -   INFO - Turn 18: Energy bar low, rest.
2025-09-21 16:13:34,971 - main -   INFO - Turn 19: Find choice event.
2025-09-21 16:13:35,199 - main -   INFO - Turn 19: Event name detected: an a
Exhilarating! What a Scoop!
2025-09-21 16:13:35,810 - main -   INFO - Turn 19: Can not found event in dictionary, choose default
2025-09-21 16:13:43,912 - main -   INFO - Turn 19: Special event False not found in special events, choose green option.
2025-09-21 16:13:44,019 - main -  DEBUG - Turn 19: Status good today.
2025-09-21 16:13:44,124 - main -   INFO - Turn 19: Energy bar safe.
2025-09-21 16:13:44,555 - main -   INFO - Turn 19: Mood is GREAT, no need to raise mood.
2025-09-21 16:13:44,556 - main -  DEBUG - Turn 19: Check training options.
2025-09-21 16:13:47,494 - main -   INFO - Turn 19: Training stamina with support cards ['Kitasan Black (SSR)'], score: 1.
2025-09-21 16:13:48,366 - main -   INFO - Turn 19: Training power with support cards ['Daitaku Helios (SR)', 'Fuji Kiseki (SR)'], score: 2.
2025-09-21 16:13:49,008 - main -   INFO - Turn 19: Training guts with support cards ['Silence Suzuka (SSR)'], score: 1.
2025-09-21 16:13:50,107 - main -   INFO - Turn 19: Training speed with support cards ['Air Groove (SR)', 'Yaeno Muteki (SSR)'], score: 2.
2025-09-21 16:13:54,692 - main -   INFO - Turn 19: Training speed with score 3.5.
2025-09-21 16:13:59,888 - main -   INFO - Turn 19: No extra training event detected, event name: 
2025-09-21 16:14:02,068 - main -   INFO - Turn 20: No choice event, training UI detected.
2025-09-21 16:14:02,176 - main -  DEBUG - Turn 20: Status good today.
2025-09-21 16:14:02,275 - main -   INFO - Turn 20: Energy bar safe.
2025-09-21 16:14:02,653 - main -   INFO - Turn 20: Mood is GREAT, no need to raise mood.
2025-09-21 16:14:02,654 - main -  DEBUG - Turn 20: Check training options.
2025-09-21 16:14:05,549 - main -   INFO - Turn 20: Training stamina with support cards ['Silence Suzuka (SSR)', 'Yaeno Muteki (SSR)'], score: 2.
2025-09-21 16:14:06,286 - main -   INFO - Turn 20: Training power with support cards ['Kitasan Black (SSR)'], score: 1.
2025-09-21 16:14:06,941 - main -   INFO - Turn 20: Training guts with support cards ['Fuji Kiseki (SR)'], score: 1.
2025-09-21 16:14:07,566 - main -   INFO - Turn 20: Training wits with support cards ['Daitaku Helios (SR)'], score: 1.
2025-09-21 16:14:08,003 - main -   INFO - Turn 20: Training speed with support cards ['Air Groove (SR)'], score: 1.
2025-09-21 16:14:12,604 - main -   INFO - Turn 20: Training stamina with score 2.6.
2025-09-21 16:14:17,820 - main -   INFO - Turn 20: No extra training event detected, event name: spp a a a

#BFF #Party!
2025-09-21 16:14:19,912 - main -   INFO - Turn 21: Find choice event.
2025-09-21 16:14:20,133 - main -   INFO - Turn 21: Event name detected: spp a a a

#BFF #Party!
2025-09-21 16:14:20,743 - main -   INFO - Turn 21: Can not found event in dictionary, choose default
2025-09-21 16:14:28,845 - main -   INFO - Turn 21: Special event False not found in special events, choose green option.
2025-09-21 16:14:28,947 - main -  DEBUG - Turn 21: Status good today.
2025-09-21 16:14:29,057 - main -   INFO - Turn 21: Energy bar safe.
2025-09-21 16:14:29,445 - main -   INFO - Turn 21: Mood is GREAT, no need to raise mood.
2025-09-21 16:14:29,446 - main -  DEBUG - Turn 21: Check training options.
2025-09-21 16:14:32,297 - main -   INFO - Turn 21: Training power with support cards ['Daitaku Helios (SR)'], score: 1.
2025-09-21 16:14:33,191 - main -   INFO - Turn 21: Training guts with support cards ['Silence Suzuka (SSR)', 'Air Groove (SR)'], score: 2.
2025-09-21 16:14:34,424 - main -   INFO - Turn 21: Training speed with support cards ['Kitasan Black (SSR)'], score: 1.
2025-09-21 16:14:35,017 - main -   INFO - Turn 21: Training stamina with support cards ['Fuji Kiseki (SR)', 'Yaeno Muteki (SSR)'], score: 2.
2025-09-21 16:14:39,624 - main -   INFO - Turn 21: Training stamina with score 2.6.
2025-09-21 16:14:44,839 - main -   INFO - Turn 21: No extra training event detected, event name: 
