2025-09-21 16:01:09,510 - main -   INFO - Turn 5: No choice event, training UI detected.
2025-09-21 16:01:09,626 - main -  DEBUG - Turn 5: Status good today.
2025-09-21 16:01:09,722 - main -   INFO - Turn 5: Energy bar safe.
2025-09-21 16:01:10,090 - main -   INFO - Turn 5: Mood is GREAT, no need to raise mood.
2025-09-21 16:01:10,091 - main -  DEBUG - Turn 5: Check training options.
2025-09-21 16:01:44,491 - main -   INFO - Turn 5: No choice event, training UI detected.
2025-09-21 16:01:44,587 - main -  DEBUG - Turn 5: Status good today.
2025-09-21 16:01:44,675 - main -   INFO - Turn 5: Energy bar safe.
2025-09-21 16:01:45,037 - main -   INFO - Turn 5: Mood is GREAT, no need to raise mood.
2025-09-21 16:01:45,038 - main -  DEBUG - Turn 5: Check training options.
2025-09-21 16:01:47,811 - main -   INFO - Turn 5: Training stamina with support cards ['Fuji Kiseki (SR)'], score: 1.
2025-09-21 16:01:48,571 - main -   INFO - Turn 5: Training power with support cards ['Daitaku Helios (SR)'], score: 1.
2025-09-21 16:01:49,301 - main -   INFO - Turn 5: Training guts with support cards ['Silence Suzuka (SSR)', 'Yaeno Muteki (SSR)'], score: 2.
2025-09-21 16:01:49,802 - main -   INFO - Turn 5: Training wits with support cards ['Kitasan Black (SSR)'], score: 1.
2025-09-21 16:01:50,224 - main -   INFO - Turn 5: Training speed with support cards ['Air Groove (SR)'], score: 1.
2025-09-21 16:01:54,848 - main -   INFO - Turn 5: Training speed with score 2.5.
2025-09-21 16:02:00,062 - main -   INFO - Turn 5: No extra training event detected, event name: Me af
Coveney layano lop Gun
2025-09-21 16:02:15,452 - main -   INFO - Turn 6: No choice event, training UI detected.
2025-09-21 16:02:15,537 - main -  DEBUG - Turn 6: Status good today.
2025-09-21 16:02:15,624 - main -   INFO - Turn 6: Energy bar safe.
2025-09-21 16:02:16,010 - main -   INFO - Turn 6: Mood is GREAT, no need to raise mood.
2025-09-21 16:02:16,011 - main -  DEBUG - Turn 6: Check training options.
2025-09-21 16:02:26,737 - main -   INFO - Turn 6: Training speed with score 1.5.
