2025-09-21 16:03:21,987 - main -   INFO - Turn 5: No choice event, training UI detected.
2025-09-21 16:03:22,068 - main -  DEBUG - Turn 5: Status good today.
2025-09-21 16:03:22,161 - main -   INFO - Turn 5: Energy bar safe.
2025-09-21 16:03:22,578 - main -   INFO - Turn 5: Mood is GREAT, no need to raise mood.
2025-09-21 16:03:22,579 - main -  DEBUG - Turn 5: Check training options.
2025-09-21 16:03:29,277 - main -   INFO - Turn 5: Training power with support cards ['Kitasan Black (SSR)', 'Air Groove (SR)', 'Fuji Kiseki (SR)'], score: 3.
2025-09-21 16:03:36,520 - main -   INFO - Turn 5: Training wits with support cards ['Yaeno Muteki (SSR)'], score: 1.
2025-09-21 16:03:40,043 - main -   INFO - Turn 5: Training speed with support cards ['Silence Suzuka (SSR)', 'Daitaku Helios (SR)'], score: 2.
2025-09-21 16:03:47,636 - main -   INFO - Turn 5: Training speed with score 3.5.
2025-09-21 16:03:52,857 - main -   INFO - Turn 5: No extra training event detected, event name: spp a a a

Ah, Home Sweet Home.
2025-09-21 16:03:54,937 - main -   INFO - Turn 6: Find choice event.
2025-09-21 16:03:55,157 - main -   INFO - Turn 6: Event name detected: spp a a a

Ah, Home Sweet Home.
2025-09-21 16:03:55,964 - main -   INFO - Turn 6: Can not found event in dictionary, choose default
2025-09-21 16:04:04,068 - main -   INFO - Turn 6: Special event False not found in special events, choose green option.
2025-09-21 16:04:04,156 - main -  DEBUG - Turn 6: Status good today.
2025-09-21 16:04:04,238 - main -   INFO - Turn 6: Energy bar safe.
2025-09-21 16:04:04,604 - main -   INFO - Turn 6: Mood is GREAT, no need to raise mood.
2025-09-21 16:04:04,605 - main -  DEBUG - Turn 6: Check training options.
2025-09-21 16:04:11,283 - main -   INFO - Turn 6: Training power with support cards ['Kitasan Black (SSR)', 'Daitaku Helios (SR)'], score: 2.
2025-09-21 16:04:14,986 - main -   INFO - Turn 6: Training guts with support cards ['Air Groove (SR)', 'Yaeno Muteki (SSR)'], score: 2.
2025-09-21 16:04:21,928 - main -   INFO - Turn 6: Training speed with support cards ['Silence Suzuka (SSR)'], score: 1.
2025-09-21 16:04:29,549 - main -   INFO - Turn 6: Training speed with score 2.5.
2025-09-21 16:04:34,755 - main -   INFO - Turn 6: No extra training event detected, event name: 
2025-09-21 16:04:36,931 - main -   INFO - Turn 7: No choice event, training UI detected.
2025-09-21 16:04:37,023 - main -  DEBUG - Turn 7: Status good today.
2025-09-21 16:04:37,118 - main -   INFO - Turn 7: Energy bar low, rest.
2025-09-21 16:04:45,628 - main -   INFO - Turn 8: Find choice event.
2025-09-21 16:04:45,820 - main -   INFO - Turn 8: Event name detected: 
2025-09-21 16:04:46,430 - main -   INFO - Turn 8: Can not found event in dictionary, choose default
2025-09-21 16:04:54,532 - main -   INFO - Turn 8: Special event False not found in special events, choose green option.
2025-09-21 16:04:54,618 - main -  DEBUG - Turn 8: Status good today.
2025-09-21 16:04:54,698 - main -   INFO - Turn 8: Energy bar safe.
2025-09-21 16:04:55,066 - main -   INFO - Turn 8: Mood is GREAT, no need to raise mood.
2025-09-21 16:04:55,067 - main -  DEBUG - Turn 8: Check training options.
